// Jest Snapshot v1, https://goo.gl/fbAQLP

exports[`LoginPage Snapshots should match default render 1`] = `
<div
  class="loginLayout ant-flex css-dev-only-do-not-override-mncuj7 ant-flex-align-stretch ant-flex-justify-space-between ant-flex-vertical"
>
  <div
    class="header ant-flex css-dev-only-do-not-override-mncuj7 ant-flex-align-center ant-flex-justify-flex-end"
  >
    <button
      aria-label="Switch to dark mode"
      class="themeModeSwitch"
      type="button"
    >
      <span
        aria-label="moon"
        class="anticon anticon-moon"
        role="img"
      >
        <svg
          aria-hidden="true"
          data-icon="moon"
          fill="currentColor"
          fill-rule="evenodd"
          focusable="false"
          height="1em"
          viewBox="64 64 896 896"
          width="1em"
        >
          <path
            d="M489.5 111.66c30.65-1.8 45.98 36.44 22.58 56.33A243.35 243.35 0 00426 354c0 134.76 109.24 244 244 244 72.58 0 139.9-31.83 186.01-86.08 19.87-23.38 58.07-8.1 56.34 22.53C900.4 745.82 725.15 912 512.5 912 291.31 912 112 732.69 112 511.5c0-211.39 164.29-386.02 374.2-399.65l.2-.01zm-81.15 79.75l-4.11 1.36C271.1 237.94 176 364.09 176 511.5 176 697.34 326.66 848 512.5 848c148.28 0 274.94-96.2 319.45-230.41l.63-1.93-.11.07a307.06 307.06 0 01-159.73 46.26L670 662c-170.1 0-308-137.9-308-308 0-58.6 16.48-114.54 46.27-162.47z"
          />
        </svg>
      </span>
    </button>
  </div>
  <div
    class="content"
  >
    <div
      class="loginBox ant-flex css-dev-only-do-not-override-mncuj7 ant-flex-align-center ant-flex-justify-center ant-flex-vertical"
    >
      <div
        class="ant-flex css-dev-only-do-not-override-mncuj7 ant-flex-align-center"
        style="gap: 10px;"
      >
        <img
          alt="Less3"
          data-nimg="1"
          decoding="async"
          height="50"
          loading="lazy"
          src="/_next/image?url=%2Fassets%2Flogo.png&w=128&q=75"
          srcset="/_next/image?url=%2Fassets%2Flogo.png&w=64&q=75 1x, /_next/image?url=%2Fassets%2Flogo.png&w=128&q=75 2x"
          style="color: transparent;"
          width="50"
        />
      </div>
      <div
        class="ant-divider css-dev-only-do-not-override-mncuj7 ant-divider-horizontal"
        role="separator"
      />
      <form
        class="ant-form ant-form-vertical ant-form-hide-required-mark css-dev-only-do-not-override-mncuj7"
      >
        <div
          class="ant-flex css-dev-only-do-not-override-mncuj7 ant-flex-align-center"
        >
          <div
            class="ant-form-item css-dev-only-do-not-override-mncuj7 ant-form-item-vertical"
            style="width: 400px;"
          >
            <div
              class="ant-row ant-form-item-row css-dev-only-do-not-override-mncuj7"
            >
              <div
                class="ant-col ant-form-item-label css-dev-only-do-not-override-mncuj7"
              >
                <label
                  class="ant-form-item-required ant-form-item-required-mark-hidden"
                  for="less3APIUrl"
                  title="Less3 Server URL"
                >
                  Less3 Server URL
                </label>
              </div>
              <div
                class="ant-col ant-form-item-control css-dev-only-do-not-override-mncuj7"
              >
                <div
                  class="ant-form-item-control-input"
                >
                  <div
                    class="ant-form-item-control-input-content"
                  >
                    <span
                      class="ant-input-group-wrapper ant-input-group-wrapper-lg ant-input-group-wrapper-outlined css-dev-only-do-not-override-mncuj7 ant-input-search ant-input-search-large ant-input-search-with-button"
                    >
                      <span
                        class="ant-input-wrapper ant-input-group css-dev-only-do-not-override-mncuj7"
                      >
                        <input
                          aria-required="true"
                          class="ant-input ant-input-lg css-dev-only-do-not-override-mncuj7 ant-input-outlined"
                          id="less3APIUrl"
                          placeholder="https://your-less3-server.com"
                          type="search"
                          value="http://localhost:3000"
                        />
                        <span
                          class="ant-input-group-addon"
                        >
                          <button
                            class="ant-btn css-dev-only-do-not-override-mncuj7 ant-btn-default ant-btn-color-primary ant-btn-variant-solid ant-btn-lg ant-input-search-button"
                            type="button"
                          >
                            <span
                              aria-label="arrow-right"
                              class="anticon anticon-arrow-right"
                              role="img"
                            >
                              <svg
                                aria-hidden="true"
                                data-icon="arrow-right"
                                fill="currentColor"
                                focusable="false"
                                height="1em"
                                viewBox="64 64 896 896"
                                width="1em"
                              >
                                <path
                                  d="M869 487.8L491.2 159.9c-2.9-2.5-6.6-3.9-10.5-3.9h-88.5c-7.4 0-10.8 9.2-5.2 14l350.2 304H152c-4.4 0-8 3.6-8 8v60c0 4.4 3.6 8 8 8h585.1L386.9 854c-5.6 4.9-2.2 14 5.2 14h91.5c1.9 0 3.8-.7 5.2-2L869 536.2a32.07 32.07 0 000-48.4z"
                                />
                              </svg>
                            </span>
                          </button>
                        </span>
                      </span>
                    </span>
                  </div>
                </div>
              </div>
            </div>
          </div>
        </div>
      </form>
    </div>
  </div>
  <div
    class="footer ant-flex css-dev-only-do-not-override-mncuj7 ant-flex-align-center ant-flex-justify-center"
  >
    <span
      class="ant-typography css-dev-only-do-not-override-mncuj7"
      style="color: rgb(193, 193, 193);"
    />
  </div>
</div>
`;
