// Jest Snapshot v1, https://jestjs.io/docs/snapshot-testing

exports[`dynamicBaseQuery Snapshots captures the shared-helper call contract 1`] = `
[
  "/snapshot-test",
  {
    "body": {
      "enabled": true,
    },
    "cache": undefined,
    "headers": {
      "X-Test": "value",
    },
    "method": "PUT",
  },
]
`;
